
================================================================================
ADMIN STATS ENDPOINT - /api/bookings/admin/stats/
================================================================================
Status: 200
{
  "status": "success",
  "data": {
    "totalUsers": 19,
    "totalManagers": 2,
    "totalCustomers": 14,
    "totalDrivers": 0,
    "totalAdmins": 1,
    "totalBookings": 31,
    "pendingBookings": 17,
    "confirmedBookings": 14,
    "completedBookings": 0,
    "totalRevenue": 106300.0,
    "pendingPayments": 24500.0,
    "failedPayments": 0,
    "apiHealth": 99,
    "databaseHealth": 95,
    "platformHealth": 97
  }
}

================================================================================
ADMIN USERS ENDPOINT - /api/bookings/admin/users/
================================================================================
Status: 200
{
  "status": "success",
  "data": [
    {
      "id": 1,
      "firstName": "daiby",
      "lastName": "james",
      "email": "daibyjames@gmail.com",
      "phone_number": null,
      "role": "customer",
      "is_active": true,
      "created_at": "2026-02-02T07:15:54.850404Z",
      "bookingCount": 19
    },
    {
      "id": 2,
      "firstName": "Arun",
      "lastName": "Joseph",
      "email": "arunjoseph5432@gmail.com",
      "phone_number": null,
      "role": "customer",
      "is_active": true,
      "created_at": "2026-02-06T03:58:58.690233Z",
      "bookingCount": 1
    },
    {
      "id": 3,
      "firstName": "Test",
      "lastName": "User",
      "email": "test@example.com",
      "phone_number": null,
      "role": "customer",
      "is_active": true,
      "created_at": "2026-02-10T06:29:26.476926Z",
      "bookingCount": 4
    },
    {
      "id": 4,
      "firstName": "Test",
      "lastName": "User",
      "email": "test2@example.com",
      "phone_number": null,
      "role": "user",
      "is_active": true,
      "created_at": "2026-02-10T06:58:49.359694Z",
      "bookingCount": 3
    },
    {
      "id": 5,
      "firstName": "Test",
      "lastName": "Pay",
      "email": "testpay@example.com",
      "phone_number": null,
      "role": "user",
      "is_active": true,
      "created_at": "2026-02-10T07:13:50.667055Z",
      "bookingCount": 1
    },
    {
      "id": 6,
      "firstName": "Don",
      "lastName": "Binoy",
      "email": "donthomas2004@gmail.com",
      "phone_number": null,
      "role": "customer",
      "is_active": true,
      "created_at": "2026-02-11T03:45:28.479716Z",
      "bookingCount": 3
    },
    {
      "id": 7,
      "firstName": "Test",
      "lastName": "User",
      "email": "test_5153721c@test.com",
      "phone_number": null,
      "role": "customer",
      "is_active": true,
      "created_at": "2026-02-11T04:22:53.344359Z",
      "bookingCount": 0
    },
    {
      "id": 8,
      "firstName": "Test",
      "lastName": "User",
      "email": "testpaymentd189b1a0@test.com",
      "phone_number": null,
      "role": "customer",
      "is_active": true,
      "created_at": "2026-02-11T04:24:46.682343Z",
      "bookingCount": 0
    },
    {
      "id": 9,
      "firstName": "Test",
      "lastName": "User",
      "email": "testpay1ac79c@test.com",
      "phone_number": null,
      "role": "customer",
      "is_active": true,
      "created_at": "2026-02-11T04:26:36.550681Z",
      "bookingCount": 0
    },
    {
      "id": 10,
      "firstName": "Test",
      "lastName": "User",
      "email": "testpayda2194@test.com",
      "phone_number": null,
      "role": "customer",
      "is_active": true,
      "created_at": "2026-02-11T04:27:00.035458Z",
      "bookingCount": 0
    },
    {
      "id": 11,
      "firstName": "Test",
      "lastName": "User",
      "email": "testpay11a5a1@test.com",
      "phone_number": null,
      "role": "customer",
      "is_active": true,
      "created_at": "2026-02-11T04:27:11.028906Z",
      "bookingCount": 0
    },
    {
      "id": 12,
      "firstName": "Test",
      "lastName": "User",
      "email": "testpay6b46b6@test.com",
      "phone_number": null,
      "role": "customer",
      "is_active": true,
      "created_at": "2026-02-11T04:36:06.192337Z",
      "bookingCount": 0
    },
    {
      "id": 13,
      "firstName": "Test",
      "lastName": "User",
      "email": "testpay34fb65@test.com",
      "phone_number": null,
      "role": "customer",
      "is_active": true,
      "created_at": "2026-02-11T04:36:47.916499Z",
      "bookingCount": 0
    },
    {
      "id": 14,
      "firstName": "Test",
      "lastName": "User",
      "email": "testpayf3a9c6@test.com",
      "phone_number": null,
      "role": "customer",
      "is_active": true,
      "created_at": "2026-02-11T04:37:03.267074Z",
      "bookingCount": 0
    },
    {
      "id": 15,
      "firstName": "Test",
      "lastName": "User",
      "email": "testpayment2d1e330e@test.com",
      "phone_number": null,
      "role": "customer",
      "is_active": true,
      "created_at": "2026-02-11T04:37:56.852705Z",
      "bookingCount": 0
    },
    {
      "id": 16,
      "firstName": "Admin",
      "lastName": "User",
      "email": "admin@example.com",
      "phone_number": null,
      "role": "admin",
      "is_active": true,
      "created_at": "2026-02-11T06:43:00.482713Z",
      "bookingCount": 0
    },
    {
      "id": 17,
      "firstName": "Test",
      "lastName": "Customer",
      "email": "testcustomer1770814545@example.com",
      "phone_number": null,
      "role": "customer",
      "is_active": true,
      "created_at": "2026-02-11T12:55:48.909623Z",
      "bookingCount": 0
    },
    {
      "id": 18,
      "firstName": "Test",
      "lastName": "Manager",
      "email": "testmanager1770814545@example.com",
      "phone_number": null,
      "role": "manager",
      "is_active": true,
      "created_at": "2026-02-11T12:55:54.741503Z",
      "bookingCount": 0
    },
    {
      "id": 19,
      "firstName": "Sojan",
      "lastName": "Joseph",
      "email": "sojanjoseph@gmail.com",
      "phone_number": null,
      "role": "manager",
      "is_active": true,
      "created_at": "2026-02-11T12:59:08.802237Z",
      "bookingCount": 0
    }
  ],
  "count": 19
}

================================================================================
MANAGER STATS ENDPOINT - /api/bookings/manager/stats/
================================================================================
Status: 403
Error: {"status":"error","message":"Only managers can access this endpoint"}
